\BOOKMARK [1][]{section*.1}{\376\377\000L\036\335\000i\000\040\000c\000a\000m\000\040\001\021\000o\000a\000n}{}% 1
\BOOKMARK [1][]{section*.2}{\376\377\000L\036\335\000i\000\040\000c\036\243\000m\000\040\001\241\000n}{}% 2
\BOOKMARK [1][]{section*.3}{\376\377\000T\000\363\000m\000\040\000t\036\257\000t}{}% 3
\BOOKMARK [1][]{section*.4}{\376\377\000A\000b\000s\000t\000r\000a\000c\000t}{}% 4
\BOOKMARK [1][]{section*.5}{\376\377\000M\036\345\000c\000\040\000l\036\345\000c}{}% 5
\BOOKMARK [1][]{section*.6}{\376\377\000D\000a\000n\000h\000\040\000m\036\345\000c\000\040\000h\000\354\000n\000h\000\040\036\243\000n\000h}{}% 6
\BOOKMARK [1][]{section*.7}{\376\377\000D\000a\000n\000h\000\040\000m\036\345\000c\000\040\000b\036\243\000n\000g\000\040\000b\000i\036\303\000u}{}% 7
\BOOKMARK [1][]{section*.8}{\376\377\000D\000a\000n\000h\000\040\000m\036\345\000c\000\040\000t\036\353\000\040\000v\000i\036\277\000t\000\040\000t\036\257\000t}{}% 8
\BOOKMARK [1][]{section.1}{\376\377\0001\000\040\000G\000i\036\333\000i\000\040\000t\000h\000i\036\307\000u}{}% 9
\BOOKMARK [2][]{subsection.1.1}{\376\377\0001\000.\0001\000\040\000B\036\321\000i\000\040\000c\036\243\000n\000h\000\040\000v\000\340\000\040\000t\000\355\000n\000h\000\040\000c\036\245\000p\000\040\000t\000h\000i\036\277\000t\000\040\000c\036\347\000a\000\040\001\021\036\301\000\040\000t\000\340\000i}{section.1}% 10
\BOOKMARK [2][]{subsection.1.2}{\376\377\0001\000.\0002\000\040\000P\000h\000\341\000t\000\040\000b\000i\036\303\000u\000\040\000b\000\340\000i\000\040\000t\000o\000\341\000n}{section.1}% 11
\BOOKMARK [2][]{subsection.1.3}{\376\377\0001\000.\0003\000\040\000C\000\342\000u\000\040\000h\036\317\000i\000\040\000n\000g\000h\000i\000\352\000n\000\040\000c\036\351\000u}{section.1}% 12
\BOOKMARK [2][]{subsection.1.4}{\376\377\0001\000.\0004\000\040\000M\036\345\000c\000\040\000t\000i\000\352\000u\000\040\001\021\036\301\000\040\000t\000\340\000i}{section.1}% 13
\BOOKMARK [3][]{subsubsection.1.4.1}{\376\377\0001\000.\0004\000.\0001\000\040\000M\036\345\000c\000\040\000t\000i\000\352\000u\000\040\000t\036\325\000n\000g\000\040\000q\000u\000\341\000t}{subsection.1.4}% 14
\BOOKMARK [3][]{subsubsection.1.4.2}{\376\377\0001\000.\0004\000.\0002\000\040\000M\036\345\000c\000\040\000t\000i\000\352\000u\000\040\000c\036\345\000\040\000t\000h\036\303}{subsection.1.4}% 15
\BOOKMARK [2][]{subsection.1.5}{\376\377\0001\000.\0005\000\040\001\020\036\321\000i\000\040\000t\001\260\036\343\000n\000g\000\040\000v\000\340\000\040\000p\000h\036\241\000m\000\040\000v\000i\000\040\000n\000g\000h\000i\000\352\000n\000\040\000c\036\351\000u}{section.1}% 16
\BOOKMARK [3][]{subsubsection.1.5.1}{\376\377\0001\000.\0005\000.\0001\000\040\001\020\036\321\000i\000\040\000t\001\260\036\343\000n\000g\000\040\000n\000g\000h\000i\000\352\000n\000\040\000c\036\351\000u}{subsection.1.5}% 17
\BOOKMARK [3][]{subsubsection.1.5.2}{\376\377\0001\000.\0005\000.\0002\000\040\000P\000h\036\241\000m\000\040\000v\000i\000\040\000c\000h\036\351\000c\000\040\000n\001\003\000n\000g}{subsection.1.5}% 18
\BOOKMARK [3][]{subsubsection.1.5.3}{\376\377\0001\000.\0005\000.\0003\000\040\000G\000i\036\333\000i\000\040\000h\036\241\000n\000\040\000n\000g\000h\000i\000\352\000n\000\040\000c\036\351\000u}{subsection.1.5}% 19
\BOOKMARK [2][]{subsection.1.6}{\376\377\0001\000.\0006\000\040\000P\000h\001\260\001\241\000n\000g\000\040\000p\000h\000\341\000p\000\040\000n\000g\000h\000i\000\352\000n\000\040\000c\036\351\000u}{section.1}% 20
\BOOKMARK [3][]{subsubsection.1.6.1}{\376\377\0001\000.\0006\000.\0001\000\040\000K\000h\036\243\000o\000\040\000c\036\351\000u\000\040\000v\000\340\000\040\000p\000h\000\342\000n\000\040\000t\000\355\000c\000h\000\040\000t\000\340\000i\000\040\000l\000i\036\307\000u}{subsection.1.6}% 21
\BOOKMARK [3][]{subsubsection.1.6.2}{\376\377\0001\000.\0006\000.\0002\000\040\000P\000h\000\342\000n\000\040\000t\000\355\000c\000h\000\040\000y\000\352\000u\000\040\000c\036\247\000u\000\040\000v\000\340\000\040\001\021\036\323\000n\000g\000\040\000t\000h\000i\036\277\000t\000\040\000k\036\277\000\040\000h\036\307\000\040\000t\000h\036\321\000n\000g}{subsection.1.6}% 22
\BOOKMARK [3][]{subsubsection.1.6.3}{\376\377\0001\000.\0006\000.\0003\000\040\000P\000h\000\341\000t\000\040\000t\000r\000i\036\303\000n\000\040\000l\036\267\000p\000\040\000v\000\340\000\040\000k\000i\036\303\000m\000\040\000c\000h\036\351\000n\000g\000\040\000t\000h\000e\000o\000\040\000m\000\343\000\040\000n\000g\000u\036\323\000n}{subsection.1.6}% 23
\BOOKMARK [3][]{subsubsection.1.6.4}{\376\377\0001\000.\0006\000.\0004\000\040\000K\000i\036\303\000m\000\040\000t\000h\036\355\000\040\000v\000\340\000\040\001\021\000\341\000n\000h\000\040\000g\000i\000\341}{subsection.1.6}% 24
\BOOKMARK [2][]{subsection.1.7}{\376\377\0001\000.\0007\000\040\000C\000\341\000c\000\040\000c\000\364\000n\000g\000\040\000t\000r\000\354\000n\000h\000\040\000v\000\340\000\040\000g\000i\036\243\000i\000\040\000p\000h\000\341\000p\000\040\000l\000i\000\352\000n\000\040\000q\000u\000a\000n}{section.1}% 25
\BOOKMARK [3][]{subsubsection.1.7.1}{\376\377\0001\000.\0007\000.\0001\000\040\000R\000o\000b\000o\000t\000\040\000x\000\343\000\040\000h\036\331\000i\000\040\000v\000\340\000\040\000r\000o\000b\000o\000t\000\040\000h\036\327\000\040\000t\000r\036\343\000\040\000n\000g\001\260\036\335\000i\000\040\000c\000a\000o\000\040\000t\000u\036\325\000i}{subsection.1.7}% 26
\BOOKMARK [3][]{subsubsection.1.7.2}{\376\377\0001\000.\0007\000.\0002\000\040\000R\000o\000b\000o\000t\000\040\000d\036\361\000a\000\040\000t\000r\000\352\000n\000\040\000s\000m\000a\000r\000t\000p\000h\000o\000n\000e}{subsection.1.7}% 27
\BOOKMARK [3][]{subsubsection.1.7.3}{\376\377\0001\000.\0007\000.\0003\000\040\000P\000h\000\341\000t\000\040\000h\000i\036\307\000n\000\040\000t\000\351\000\040\000n\000g\000\343\000\040\000d\036\361\000a\000\040\000t\000r\000\352\000n\000\040\000t\000h\036\313\000\040\000g\000i\000\341\000c}{subsection.1.7}% 28
\BOOKMARK [3][]{subsubsection.1.7.4}{\376\377\0001\000.\0007\000.\0004\000\040\000K\000h\000o\036\243\000n\000g\000\040\000t\000r\036\321\000n\000g\000\040\000n\000g\000h\000i\000\352\000n\000\040\000c\036\351\000u\000\040\000v\000\340\000\040\001\021\036\313\000n\000h\000\040\000v\036\313\000\040\000c\036\347\000a\000\040\001\021\036\301\000\040\000t\000\340\000i}{subsection.1.7}% 29
\BOOKMARK [2][]{subsection.1.8}{\376\377\0001\000.\0008\000\040\001\020\000\363\000n\000g\000\040\000g\000\363\000p\000\040\000c\036\347\000a\000\040\001\021\036\301\000\040\000t\000\340\000i}{section.1}% 30
\BOOKMARK [2][]{subsection.1.9}{\376\377\0001\000.\0009\000\040\000C\036\245\000u\000\040\000t\000r\000\372\000c\000\040\000b\000\341\000o\000\040\000c\000\341\000o}{section.1}% 31
\BOOKMARK [2][]{subsection.1.10}{\376\377\0001\000.\0001\0000\000\040\000K\036\277\000t\000\040\000l\000u\036\255\000n\000\040\000c\000h\001\260\001\241\000n\000g}{section.1}% 32
\BOOKMARK [1][]{section.2}{\376\377\0002\000\040\000C\001\241\000\040\000s\036\337\000\040\000l\000\375\000\040\000t\000h\000u\000y\036\277\000t}{}% 33
\BOOKMARK [2][]{subsection.2.1}{\376\377\0002\000.\0001\000\040\000N\036\301\000n\000\040\000t\036\243\000n\000g\000\040\000I\000n\000t\000e\000l\000\040\000O\000p\000e\000n\000B\000o\000t}{section.2}% 34
\BOOKMARK [3][]{subsubsection.2.1.1}{\376\377\0002\000.\0001\000.\0001\000\040\000G\000i\036\333\000i\000\040\000t\000h\000i\036\307\000u\000\040\000I\000n\000t\000e\000l\000\040\000O\000p\000e\000n\000B\000o\000t}{subsection.2.1}% 35
\BOOKMARK [3][]{subsubsection.2.1.2}{\376\377\0002\000.\0001\000.\0002\000\040\000K\000i\036\277\000n\000\040\000t\000r\000\372\000c\000\040\000h\036\307\000\040\000t\000h\036\321\000n\000g\000\040\000O\000p\000e\000n\000B\000o\000t}{subsection.2.1}% 36
\BOOKMARK [3][]{subsubsection.2.1.3}{\376\377\0002\000.\0001\000.\0003\000\040\000G\000i\000a\000o\000\040\000t\000i\036\277\000p\000\040\000g\000i\036\357\000a\000\040\000S\000m\000a\000r\000t\000p\000h\000o\000n\000e\000\040\000v\000\340\000\040\000R\000o\000b\000o\000t}{subsection.2.1}% 37
\BOOKMARK [2][]{subsection.2.2}{\376\377\0002\000.\0002\000\040\000N\036\301\000n\000\040\000t\036\243\000n\000g\000\040\000T\000h\036\313\000\040\000g\000i\000\341\000c\000\040\000m\000\341\000y\000\040\000t\000\355\000n\000h\000\040\000\050\000C\000o\000m\000p\000u\000t\000e\000r\000\040\000V\000i\000s\000i\000o\000n\000\051}{section.2}% 38
\BOOKMARK [3][]{subsubsection.2.2.1}{\376\377\0002\000.\0002\000.\0001\000\040\000M\036\241\000n\000g\000\040\000n\001\241\000-\000r\000o\000n\000\040\000t\000\355\000c\000h\000\040\000c\000h\036\255\000p\000\040\000\050\000C\000N\000N\000\051\000\040\000v\000\340\000\040\000K\000i\036\277\000n\000\040\000t\000r\000\372\000c\000\040\000Y\000O\000L\000O\0002\0006}{subsection.2.2}% 39
\BOOKMARK [3][]{subsubsection.2.2.2}{\376\377\0002\000.\0002\000.\0002\000\040\000T\000h\000u\036\255\000t\000\040\000t\000o\000\341\000n\000\040\000t\000h\000e\000o\000\040\000d\000\365\000i\000\040\001\021\000a\000\040\001\021\036\321\000i\000\040\000t\001\260\036\343\000n\000g\000\040\000B\000y\000t\000e\000T\000r\000a\000c\000k}{subsection.2.2}% 40
\BOOKMARK [2][]{subsection.2.3}{\376\377\0002\000.\0003\000\040\000M\000\364\000\040\000h\000\354\000n\000h\000\040\000c\000h\000u\036\327\000i\000\040\000t\000h\036\335\000i\000\040\000g\000i\000a\000n\000\040\000\050\000S\000e\000q\000u\000e\000n\000c\000e\000\040\000M\000o\000d\000e\000l\000i\000n\000g\000\051}{section.2}% 41
\BOOKMARK [3][]{subsubsection.2.3.1}{\376\377\0002\000.\0003\000.\0001\000\040\000M\036\241\000n\000g\000\040\000n\001\241\000-\000r\000o\000n\000\040\000h\036\323\000i\000\040\000q\000u\000y\000\040\000\050\000R\000N\000N\000\051}{subsection.2.3}% 42
\BOOKMARK [3][]{subsubsection.2.3.2}{\376\377\0002\000.\0003\000.\0002\000\040\000M\036\241\000n\000g\000\040\000B\036\331\000\040\000n\000h\036\333\000\040\000N\000g\036\257\000n\000-\000D\000\340\000i\000\040\000h\036\241\000n\000\040\000\050\000L\000S\000T\000M\000\051}{subsection.2.3}% 43
\BOOKMARK [2][]{subsection.2.4}{\376\377\0002\000.\0004\000\040\000X\036\355\000\040\000l\000\375\000\040\000N\000g\000\364\000n\000\040\000n\000g\036\357\000\040\000T\036\361\000\040\000n\000h\000i\000\352\000n\000\040\000\050\000N\000L\000P\000\051\000\040\000v\000\340\000\040\000H\036\307\000\040\000t\000h\036\321\000n\000g\000\040\000G\000i\036\315\000n\000g\000\040\000n\000\363\000i}{section.2}% 44
\BOOKMARK [3][]{subsubsection.2.4.1}{\376\377\0002\000.\0004\000.\0001\000\040\000M\000\364\000\040\000h\000\354\000n\000h\000\040\000n\000g\000\364\000n\000\040\000n\000g\036\357\000\040\000l\036\333\000n\000\040\000\050\000L\000L\000M\000\051\000\040\000v\000\340\000\040\000K\000i\036\277\000n\000\040\000t\000r\000\372\000c\000\040\000T\000r\000a\000n\000s\000f\000o\000r\000m\000e\000r}{subsection.2.4}% 45
\BOOKMARK [3][]{subsubsection.2.4.2}{\376\377\0002\000.\0004\000.\0002\000\040\000K\000h\000\341\000i\000\040\000n\000i\036\307\000m\000\040\000A\000I\000\040\000A\000g\000e\000n\000t}{subsection.2.4}% 46
\BOOKMARK [3][]{subsubsection.2.4.3}{\376\377\0002\000.\0004\000.\0003\000\040\000M\000\364\000\040\000h\000\354\000n\000h\000\040\000N\000g\000\364\000n\000\040\000n\000g\036\357\000\040\000L\036\333\000n\000\040\000\050\000L\000a\000r\000g\000e\000\040\000L\000a\000n\000g\000u\000a\000g\000e\000\040\000M\000o\000d\000e\000l\000s\000\051}{subsection.2.4}% 47
\BOOKMARK [3][]{subsubsection.2.4.4}{\376\377\0002\000.\0004\000.\0004\000\040\000H\036\307\000\040\000t\000h\036\321\000n\000g\000\040\000c\000h\000u\000y\036\303\000n\000\040\001\021\036\325\000i\000\040\000G\000i\036\315\000n\000g\000\040\000n\000\363\000i\000\040\000\050\000S\000T\000T\000\040\000\046\000\040\000T\000T\000S\000\051}{subsection.2.4}% 48
\BOOKMARK [3][]{subsubsection.2.4.5}{\376\377\0002\000.\0004\000.\0005\000\040\000M\036\331\000t\000\040\000s\036\321\000\040\000g\000i\036\243\000i\000\040\000p\000h\000\341\000p\000\040\000N\000h\036\255\000n\000\040\000d\036\241\000n\000g\000\040\000G\000i\036\315\000n\000g\000\040\000n\000\363\000i\000:}{subsection.2.4}% 49
\BOOKMARK [3][]{subsubsection.2.4.6}{\376\377\0002\000.\0004\000.\0006\000\040\000P\000h\001\260\001\241\000n\000g\000\040\000p\000h\000\341\000p\000\040\000t\000i\036\277\000p\000\040\000c\036\255\000n\000\040\000X\036\355\000\040\000l\000\375\000\040\000N\000g\000\364\000n\000\040\000n\000g\036\357\000\040\000T\036\361\000\040\000n\000h\000i\000\352\000n\000\040\000\050\000N\000L\000P\000\051\000\040\000t\000r\000o\000n\000g\000\040\000d\036\361\000\040\000\341\000n}{subsection.2.4}% 50
\BOOKMARK [3][]{subsubsection.2.4.7}{\376\377\0002\000.\0004\000.\0007\000\040\000P\000h\001\260\001\241\000n\000g\000\040\000t\000h\036\351\000c\000\040\000t\000r\000i\036\303\000n\000\040\000k\000h\000a\000i\000:\000\040\001\020\000i\036\307\000n\000\040\000t\000o\000\341\000n\000\040\000B\000i\000\352\000n\000\040\000\050\000E\000d\000g\000e\000\040\000C\000o\000m\000p\000u\000t\000i\000n\000g\000\051\000\040\000t\000r\000\352\000n\000\040\000t\000h\000i\036\277\000t\000\040\000b\036\313\000\040\000A\000n\000d\000r\000o\000i\000d}{subsection.2.4}% 51
\BOOKMARK [2][]{subsection.2.5}{\376\377\0002\000.\0005\000\040\000G\000i\036\333\000i\000\040\000t\000h\000i\036\307\000u\000\040\000D\000a\000t\000a\000s\000e\000t\000\040\000F\000a\000l\000l\000\040\000D\000e\000t\000e\000c\000t\000i\000o\000n\000\040\040\023\000\040\000L\000E\0002\000I}{section.2}% 52
\BOOKMARK [3][]{subsubsection.2.5.1}{\376\377\0002\000.\0005\000.\0001\000\040\000M\036\345\000c\000\040\000t\000i\000\352\000u\000\040\000v\000\340\000\040\001\021\036\267\000c\000\040\001\021\000i\036\303\000m\000\040\000c\036\347\000a\000\040\000d\000a\000t\000a\000s\000e\000t\000\040\000L\000E\0002\000I}{subsection.2.5}% 53
\BOOKMARK [3][]{subsubsection.2.5.2}{\376\377\0002\000.\0005\000.\0002\000\040\000D\036\357\000\040\000l\000i\036\307\000u\000\040\000v\000i\000d\000e\000o\000\040\000v\000\340\000\040\000A\000n\000n\000o\000t\000a\000t\000i\000o\000n}{subsection.2.5}% 54
\BOOKMARK [3][]{subsubsection.2.5.3}{\376\377\0002\000.\0005\000.\0003\000\040\001\257\000u\000\040\001\021\000i\036\303\000m\000\040\000v\000\340\000\040\000h\036\241\000n\000\040\000c\000h\036\277\000\040\000c\036\347\000a\000\040\000d\000a\000t\000a\000s\000e\000t\000\040\000L\000E\0002\000I}{subsection.2.5}% 55
\BOOKMARK [3][]{subsubsection.2.5.4}{\376\377\0002\000.\0005\000.\0004\000\040\000S\000o\000\040\000s\000\341\000n\000h\000\040\000v\036\333\000i\000\040\000c\000\341\000c\000\040\000D\000a\000t\000a\000s\000e\000t\000\040\000q\000u\000y\000\040\000m\000\364\000\040\000l\036\333\000n\000\040\000\050\000D\000i\000v\000e\000r\000s\000e\000F\000A\000L\000L\0001\0000\0005\0000\0000\000\051}{subsection.2.5}% 56
\BOOKMARK [2][]{subsection.2.6}{\376\377\0002\000.\0006\000\040\000S\000u\000y\000\040\000l\000u\036\255\000n\000\040\000A\000I\000\040\000t\000r\000\352\000n\000\040\000t\000h\000i\036\277\000t\000\040\000b\036\313\000\040\000v\000\340\000\040\000T\000e\000n\000s\000o\000r\000F\000l\000o\000w\000\040\000L\000i\000t\000e}{section.2}% 57
\BOOKMARK [2][]{subsection.2.7}{\376\377\0002\000.\0007\000\040\000F\000i\000r\000e\000b\000a\000s\000e\000\040\000A\000u\000t\000h\000e\000n\000t\000i\000c\000a\000t\000i\000o\000n\000\040\000v\000\340\000\040\000R\000e\000a\000l\000t\000i\000m\000e\000\040\000D\000a\000t\000a\000b\000a\000s\000e}{section.2}% 58
\BOOKMARK [2][]{subsection.2.8}{\376\377\0002\000.\0008\000\040\000W\000e\000b\000R\000T\000C\000,\000\040\000s\000i\000g\000n\000a\000l\000i\000n\000g\000\040\000v\000\340\000\040\000I\000C\000E}{section.2}% 59
\BOOKMARK [2][]{subsection.2.9}{\376\377\0002\000.\0009\000\040\000B\000l\000u\000e\000t\000o\000o\000t\000h\000\040\000L\000o\000w\000\040\000E\000n\000e\000r\000g\000y\000\040\000v\000\340\000\040\000G\000A\000T\000T}{section.2}% 60
\BOOKMARK [2][]{subsection.2.10}{\376\377\0002\000.\0001\0000\000\040\001\020\036\331\000n\000g\000\040\000c\001\241\000\040\000B\000L\000D\000C\000\040\000v\000\340\000\040\001\021\000i\036\301\000u\000\040\000k\000h\000i\036\303\000n\000\040\000F\000O\000C}{section.2}% 61
\BOOKMARK [2][]{subsection.2.11}{\376\377\0002\000.\0001\0001\000\040\000A\000n\000\040\000t\000o\000\340\000n\000\040\000v\000\340\000\040\000q\000u\036\243\000n\000\040\000t\000r\036\313\000\040\000r\036\347\000i\000\040\000r\000o\000\040\000A\000I}{section.2}% 62
\BOOKMARK [2][]{subsection.2.12}{\376\377\0002\000.\0001\0002\000\040\000K\036\277\000t\000\040\000l\000u\036\255\000n\000\040\000c\000h\001\260\001\241\000n\000g}{section.2}% 63
\BOOKMARK [1][]{section.3}{\376\377\0003\000\040\000P\000h\000\342\000n\000\040\000t\000\355\000c\000h\000\040\000v\000\340\000\040\000t\000h\000i\036\277\000t\000\040\000k\036\277\000\040\000h\036\307\000\040\000t\000h\036\321\000n\000g}{}% 64
\BOOKMARK [2][]{subsection.3.1}{\376\377\0003\000.\0001\000\040\000M\036\345\000c\000\040\000t\000i\000\352\000u\000\040\000v\000\340\000\040\000n\000g\000u\000y\000\352\000n\000\040\000t\036\257\000c\000\040\000t\000h\000i\036\277\000t\000\040\000k\036\277}{section.3}% 65
\BOOKMARK [2][]{subsection.3.2}{\376\377\0003\000.\0002\000\040\000M\000\364\000\040\000h\000\354\000n\000h\000\040\000b\036\321\000i\000\040\000c\036\243\000n\000h\000\040\000v\000\340\000\040\000t\000\341\000c\000\040\000n\000h\000\342\000n}{section.3}% 66
\BOOKMARK [2][]{subsection.3.3}{\376\377\0003\000.\0003\000\040\000P\000h\000\342\000n\000\040\000t\000\355\000c\000h\000\040\000y\000\352\000u\000\040\000c\036\247\000u}{section.3}% 67
\BOOKMARK [3][]{subsubsection.3.3.1}{\376\377\0003\000.\0003\000.\0001\000\040\000Y\000\352\000u\000\040\000c\036\247\000u\000\040\000c\000h\036\351\000c\000\040\000n\001\003\000n\000g}{subsection.3.3}% 68
\BOOKMARK [3][]{subsubsection.3.3.2}{\376\377\0003\000.\0003\000.\0002\000\040\000Y\000\352\000u\000\040\000c\036\247\000u\000\040\000p\000h\000i\000\040\000c\000h\036\351\000c\000\040\000n\001\003\000n\000g}{subsection.3.3}% 69
\BOOKMARK [2][]{subsection.3.4}{\376\377\0003\000.\0004\000\040\000M\000\364\000\040\000h\000\354\000n\000h\000\040\000u\000s\000e\000\040\000c\000a\000s\000e}{section.3}% 70
\BOOKMARK [2][]{subsection.3.5}{\376\377\0003\000.\0005\000\040\000G\000i\036\243\000i\000\040\000p\000h\000\341\000p\000\040\000A\000I\000\040\000c\000h\000o\000\040\000c\000h\036\351\000c\000\040\000n\001\003\000n\000g\000\040\000p\000h\000\341\000t\000\040\000h\000i\036\307\000n\000\040\000t\000\351\000\040\000n\000g\000\343\000\040\000\050\000F\000a\000l\000l\000\040\000D\000e\000t\000e\000c\000t\000i\000o\000n\000\051}{section.3}% 71
\BOOKMARK [3][]{subsubsection.3.5.1}{\376\377\0003\000.\0005\000.\0001\000\040\000N\000h\036\357\000n\000g\000\040\000k\000h\000\363\000\040\000k\000h\001\003\000n\000\040\000t\036\353\000\040\000d\036\357\000\040\000l\000i\036\307\000u\000\040\000\050\000D\000a\000t\000a\000s\000e\000t\000\051}{subsection.3.5}% 72
\BOOKMARK [3][]{subsubsection.3.5.2}{\376\377\0003\000.\0005\000.\0002\000\040\000T\036\241\000i\000\040\000s\000a\000o\000\040\000Y\000O\000L\000O\000\040\000t\000h\001\260\036\335\000n\000g\000\040\000k\000h\000\364\000n\000g\000\040\001\021\036\347\000\040\000m\000\340\000\040\000p\000h\036\243\000i\000\040\000k\036\277\000t\000\040\000h\036\343\000p\000\040\000L\000S\000T\000M\000?}{subsection.3.5}% 73
\BOOKMARK [3][]{subsubsection.3.5.3}{\376\377\0003\000.\0005\000.\0003\000\040\000V\000\354\000\040\000s\000a\000o\000\040\000L\000S\000T\000M\000\040\000v\036\253\000n\000\040\000c\000h\001\260\000a\000\040\001\021\036\347\000\040\000n\000\352\000n\000\040\000c\036\247\000n\000\040\000t\000h\000\352\000m\000\040\000S\000t\000a\000t\000e\000-\000M\000a\000c\000h\000i\000n\000e\000?}{subsection.3.5}% 74
\BOOKMARK [2][]{subsection.3.6}{\376\377\0003\000.\0006\000\040\000K\000i\036\277\000n\000\040\000t\000r\000\372\000c\000\040\000t\000r\000i\036\303\000n\000\040\000k\000h\000a\000i}{section.3}% 75
\BOOKMARK [2][]{subsection.3.7}{\376\377\0003\000.\0007\000\040\000T\000h\000i\036\277\000t\000\040\000k\036\277\000\040\000d\036\357\000\040\000l\000i\036\307\000u\000\040\000F\000i\000r\000e\000b\000a\000s\000e}{section.3}% 76
\BOOKMARK [2][]{subsection.3.8}{\376\377\0003\000.\0008\000\040\000T\000h\000i\036\277\000t\000\040\000k\036\277\000\040\000k\000\352\000n\000h\000\040\001\021\000i\036\301\000u\000\040\000k\000h\000i\036\303\000n\000\040\000c\000h\000u\000y\036\303\000n\000\040\001\021\036\331\000n\000g}{section.3}% 77
\BOOKMARK [3][]{subsubsection.3.8.1}{\376\377\0003\000.\0008\000.\0001\000\040\000H\036\343\000p\000\040\001\021\036\323\000n\000g\000\040\000l\036\307\000n\000h\000\040\000t\000r\000\352\000n\000\040\000R\000T\000D\000B}{subsection.3.8}% 78
\BOOKMARK [3][]{subsubsection.3.8.2}{\376\377\0003\000.\0008\000.\0002\000\040\000\301\000n\000h\000\040\000x\036\241\000\040\000j\000o\000y\000s\000t\000i\000c\000k\000\040\000s\000a\000n\000g\000\040\000h\000a\000i\000\040\000b\000\341\000n\000h}{subsection.3.8}% 79
\BOOKMARK [3][]{subsubsection.3.8.3}{\376\377\0003\000.\0008\000.\0003\000\040\000H\036\343\000p\000\040\001\021\036\323\000n\000g\000\040\000B\000L\000E\000\040\000v\000\340\000\040\000c\000h\000u\036\327\000i\000\040\000d\036\353\000n\000g\000\040\000a\000n\000\040\000t\000o\000\340\000n}{subsection.3.8}% 80
\BOOKMARK [2][]{subsection.3.9}{\376\377\0003\000.\0009\000\040\000T\000h\000i\036\277\000t\000\040\000k\036\277\000\040\000p\000i\000p\000e\000l\000i\000n\000e\000\040\000t\000h\036\313\000\040\000g\000i\000\341\000c\000\040\000v\000\340\000\040\000t\000\351\000\040\000n\000g\000\343}{section.3}% 81
\BOOKMARK [3][]{subsubsection.3.9.1}{\376\377\0003\000.\0009\000.\0001\000\040\000L\000u\036\323\000n\000g\000\040\000d\036\357\000\040\000l\000i\036\307\000u}{subsection.3.9}% 82
\BOOKMARK [3][]{subsubsection.3.9.2}{\376\377\0003\000.\0009\000.\0002\000\040\000K\000h\000\363\000a\000\040\000n\000g\001\260\036\335\000i\000\040\000m\036\345\000c\000\040\000t\000i\000\352\000u\000\040\000I\000D\0000}{subsection.3.9}% 83
\BOOKMARK [3][]{subsubsection.3.9.3}{\376\377\0003\000.\0009\000.\0003\000\040\001\020\036\267\000c\000\040\000t\000r\001\260\000n\000g\000\040\000L\000S\000T\000M\000\040\000v\000\340\000\040\000m\000\341\000y\000\040\000t\000r\036\241\000n\000g\000\040\000t\000h\000\341\000i}{subsection.3.9}% 84
\BOOKMARK [3][]{subsubsection.3.9.4}{\376\377\0003\000.\0009\000.\0004\000\040\000H\036\255\000u\000\040\000k\000i\036\303\000m\000\040\000v\000\340\000\040\000q\000u\036\243\000n\000\040\000l\000\375\000\040\000m\036\331\000t\000\040\000s\036\361\000\040\000c\036\321}{subsection.3.9}% 85
\BOOKMARK [2][]{subsection.3.10}{\376\377\0003\000.\0001\0000\000\040\000T\000h\000i\036\277\000t\000\040\000k\036\277\000\040\000c\000u\036\331\000c\000\040\000g\036\315\000i\000\040\000W\000e\000b\000R\000T\000C\000\040\000v\000\340\000\040\000q\000u\000y\036\301\000n\000\040\000s\036\337\000\040\000h\036\357\000u\000\040\000c\000a\000m\000e\000r\000a}{section.3}% 86
\BOOKMARK [2][]{subsection.3.11}{\376\377\0003\000.\0001\0001\000\040\000T\000h\000i\036\277\000t\000\040\000k\036\277\000\040\000h\036\331\000i\000\040\000t\000h\000o\036\241\000i\000\040\000v\000\340\000\040\000l\036\313\000c\000h\000\040\000n\000h\036\257\000c}{section.3}% 87
\BOOKMARK [2][]{subsection.3.12}{\376\377\0003\000.\0001\0002\000\040\000T\000h\000i\036\277\000t\000\040\000k\036\277\000\040\000f\000i\000r\000m\000w\000a\000r\000e\000\040\000v\000\340\000\040\001\021\000i\036\301\000u\000\040\000k\000h\000i\036\303\000n\000\040\001\021\036\331\000n\000g\000\040\000c\001\241}{section.3}% 88
\BOOKMARK [2][]{subsection.3.13}{\376\377\0003\000.\0001\0003\000\040\000A\000n\000\040\000t\000o\000\340\000n\000,\000\040\000b\036\243\000o\000\040\000m\036\255\000t\000\040\000v\000\340\000\040\000q\000u\000y\036\301\000n\000\040\000r\000i\000\352\000n\000g\000\040\000t\001\260}{section.3}% 89
\BOOKMARK [2][]{subsection.3.14}{\376\377\0003\000.\0001\0004\000\040\000M\000a\000\040\000t\000r\036\255\000n\000\040\000t\000r\000u\000y\000\040\000v\036\277\000t\000\040\000y\000\352\000u\000\040\000c\036\247\000u}{section.3}% 90
\BOOKMARK [2][]{subsection.3.15}{\376\377\0003\000.\0001\0005\000\040\001\020\000\341\000n\000h\000\040\001\021\036\325\000i\000\040\000v\000\340\000\040\000q\000u\000y\036\277\000t\000\040\001\021\036\313\000n\000h\000\040\000k\000i\036\277\000n\000\040\000t\000r\000\372\000c}{section.3}% 91
\BOOKMARK [2][]{subsection.3.16}{\376\377\0003\000.\0001\0006\000\040\000K\036\277\000t\000\040\000l\000u\036\255\000n\000\040\000c\000h\001\260\001\241\000n\000g}{section.3}% 92
\BOOKMARK [1][]{section.4}{\376\377\0004\000\040\000H\000i\036\307\000n\000\040\000t\000h\036\361\000c\000\040\000h\036\307\000\040\000t\000h\036\321\000n\000g}{}% 93
\BOOKMARK [2][]{subsection.4.1}{\376\377\0004\000.\0001\000\040\000M\000\364\000i\000\040\000t\000r\001\260\036\335\000n\000g\000\040\000v\000\340\000\040\000t\036\325\000\040\000c\000h\036\351\000c\000\040\000m\000\343\000\040\000n\000g\000u\036\323\000n}{section.4}% 94
\BOOKMARK [2][]{subsection.4.2}{\376\377\0004\000.\0002\000\040\000H\000i\036\307\000n\000\040\000t\000h\036\361\000c\000\040\000R\000o\000b\000o\000t\000A\000p\000p}{section.4}% 95
\BOOKMARK [3][]{subsubsection.4.2.1}{\376\377\0004\000.\0002\000.\0001\000\040\000K\000h\036\337\000i\000\040\001\021\036\331\000n\000g\000,\000\040\001\021\000i\036\301\000u\000\040\000h\001\260\036\333\000n\000g\000\040\000v\000\340\000\040\000v\000\362\000n\000g\000\040\001\021\036\335\000i\000\040\000d\036\313\000c\000h\000\040\000v\036\345}{subsection.4.2}% 96
\BOOKMARK [3][]{subsubsection.4.2.2}{\376\377\0004\000.\0002\000.\0002\000\040\000T\000r\000a\000c\000k\000i\000n\000g\000F\000r\000a\000g\000m\000e\000n\000t\000\040\000v\000\340\000\040\000q\000u\000y\036\301\000n\000\040\000s\036\337\000\040\000h\036\357\000u\000\040\000c\000a\000m\000e\000r\000a}{subsection.4.2}% 97
\BOOKMARK [3][]{subsubsection.4.2.3}{\376\377\0004\000.\0002\000.\0003\000\040\000N\036\241\000p\000\040\000v\000\340\000\040\000s\000u\000y\000\040\000l\000u\036\255\000n\000\040\000m\000\364\000\040\000h\000\354\000n\000h\000\040\000p\000o\000s\000e}{subsection.4.2}% 98
\BOOKMARK [3][]{subsubsection.4.2.4}{\376\377\0004\000.\0002\000.\0004\000\040\000S\000O\000R\000T\000,\000\040\000K\000a\000l\000m\000a\000n\000,\000\040\000H\000u\000n\000g\000a\000r\000i\000a\000n\000\040\000v\000\340\000\040\000R\000e\000-\000I\000D}{subsection.4.2}% 99
\BOOKMARK [3][]{subsubsection.4.2.5}{\376\377\0004\000.\0002\000.\0005\000\040\000K\000h\000\363\000a\000\040\000m\036\345\000c\000\040\000t\000i\000\352\000u\000\040\000I\000D\0000\000\040\000v\000\340\000\040\000s\000i\000n\000h\000\040\000l\036\307\000n\000h\000\040\000a\000u\000t\000o\000-\000f\000o\000l\000l\000o\000w}{subsection.4.2}% 100
\BOOKMARK [3][]{subsubsection.4.2.6}{\376\377\0004\000.\0002\000.\0006\000\040\000L\000S\000T\000M\000\040\000p\000h\000\341\000t\000\040\000h\000i\036\307\000n\000\040\000t\000\351\000\040\000n\000g\000\343}{subsection.4.2}% 101
\BOOKMARK [3][]{subsubsection.4.2.7}{\376\377\0004\000.\0002\000.\0007\000\040\000H\036\255\000u\000\040\000k\000i\036\303\000m\000\040\000t\000\351\000\040\000n\000g\000\343}{subsection.4.2}% 102
\BOOKMARK [3][]{subsubsection.4.2.8}{\376\377\0004\000.\0002\000.\0008\000\040\000L\000u\036\323\000n\000g\000\040\000x\000\341\000c\000\040\000n\000h\036\255\000n\000\040\000v\000\340\000\040\000c\036\243\000n\000h\000\040\000b\000\341\000o}{subsection.4.2}% 103
\BOOKMARK [3][]{subsubsection.4.2.9}{\376\377\0004\000.\0002\000.\0009\000\040\000C\000h\000a\000t\000b\000o\000t\000\040\000g\000i\036\315\000n\000g\000\040\000n\000\363\000i}{subsection.4.2}% 104
\BOOKMARK [3][]{subsubsection.4.2.10}{\376\377\0004\000.\0002\000.\0001\0000\000\040\000L\036\313\000c\000h\000\040\000n\000h\036\257\000c}{subsection.4.2}% 105
\BOOKMARK [3][]{subsubsection.4.2.11}{\376\377\0004\000.\0002\000.\0001\0001\000\040\000W\000e\000b\000R\000T\000C\000\040\000t\000r\000o\000n\000g\000\040\000R\000o\000b\000o\000t\000A\000p\000p}{subsection.4.2}% 106
\BOOKMARK [3][]{subsubsection.4.2.12}{\376\377\0004\000.\0002\000.\0001\0002\000\040\000R\000o\000b\000o\000t\000C\000o\000n\000t\000r\000o\000l\000M\000a\000n\000a\000g\000e\000r\000\040\000v\000\340\000\040\000B\000L\000E}{subsection.4.2}% 107
\BOOKMARK [2][]{subsection.4.3}{\376\377\0004\000.\0003\000\040\000H\000i\036\307\000n\000\040\000t\000h\036\361\000c\000\040\000C\000a\000r\000e\000g\000i\000v\000e\000r\000A\000p\000p}{section.4}% 108
\BOOKMARK [3][]{subsubsection.4.3.1}{\376\377\0004\000.\0003\000.\0001\000\040\000K\000h\036\337\000i\000\040\001\021\036\331\000n\000g\000,\000\040\000x\000\341\000c\000\040\000t\000h\036\361\000c\000\040\000v\000\340\000\040\000h\036\323\000\040\000s\001\241}{subsection.4.3}% 109
\BOOKMARK [3][]{subsubsection.4.3.2}{\376\377\0004\000.\0003\000.\0002\000\040\000B\036\255\000t\000/\000t\036\257\000t\000\040\000c\000h\036\351\000c\000\040\000n\001\003\000n\000g\000\040\000t\000h\000e\000o\000\040\000d\000\365\000i}{subsection.4.3}% 110
\BOOKMARK [3][]{subsubsection.4.3.3}{\376\377\0004\000.\0003\000.\0003\000\040\000L\036\313\000c\000h\000\040\000v\000\340\000\040\000n\000h\036\255\000t\000\040\000k\000\375}{subsection.4.3}% 111
\BOOKMARK [3][]{subsubsection.4.3.4}{\376\377\0004\000.\0003\000.\0004\000\040\000C\000u\036\331\000c\000\040\000g\036\315\000i\000\040\001\021\036\277\000n\000\040\000n\036\301\000n}{subsection.4.3}% 112
\BOOKMARK [3][]{subsubsection.4.3.5}{\376\377\0004\000.\0003\000.\0005\000\040\000V\000i\000d\000e\000o\000\040\000c\000a\000l\000l\000\040\000v\000\340\000\040\000j\000o\000y\000s\000t\000i\000c\000k}{subsection.4.3}% 113
\BOOKMARK [2][]{subsection.4.4}{\376\377\0004\000.\0004\000\040\000H\000i\036\307\000n\000\040\000t\000h\036\361\000c\000\040\000d\036\357\000\040\000l\000i\036\307\000u\000\040\000d\000\371\000n\000g\000\040\000c\000h\000u\000n\000g}{section.4}% 114
\BOOKMARK [2][]{subsection.4.5}{\376\377\0004\000.\0005\000\040\000H\000u\036\245\000n\000\040\000l\000u\000y\036\307\000n\000\040\000v\000\340\000\040\000c\000h\000u\000y\036\303\000n\000\040\001\021\036\325\000i\000\040\000m\000\364\000\040\000h\000\354\000n\000h\000\040\000A\000I}{section.4}% 115
\BOOKMARK [3][]{subsubsection.4.5.1}{\376\377\0004\000.\0005\000.\0001\000\040\000X\036\355\000\040\000l\000\375\000\040\000d\036\357\000\040\000l\000i\036\307\000u\000\040\000\050\000D\000a\000t\000a\000s\000e\000t\000\040\000P\000r\000o\000c\000e\000s\000s\000i\000n\000g\000\051}{subsection.4.5}% 116
\BOOKMARK [3][]{subsubsection.4.5.2}{\376\377\0004\000.\0005\000.\0002\000\040\000K\036\371\000\040\000t\000h\000u\036\255\000t\000\040\000t\000r\000\355\000c\000h\000\040\000x\000u\036\245\000t\000\040\001\021\036\267\000c\000\040\000t\000r\001\260\000n\000g\000\040\000\050\000F\000e\000a\000t\000u\000r\000e\000\040\000E\000n\000g\000i\000n\000e\000e\000r\000i\000n\000g\000\051}{subsection.4.5}% 117
\BOOKMARK [3][]{subsubsection.4.5.3}{\376\377\0004\000.\0005\000.\0003\000\040\000H\000u\036\245\000n\000\040\000l\000u\000y\036\307\000n\000\040\000m\000\364\000\040\000h\000\354\000n\000h\000\040\000\050\000M\000o\000d\000e\000l\000\040\000T\000r\000a\000i\000n\000i\000n\000g\000\051}{subsection.4.5}% 118
\BOOKMARK [3][]{subsubsection.4.5.4}{\376\377\0004\000.\0005\000.\0004\000\040\000C\000h\000u\000y\036\303\000n\000\040\001\021\036\325\000i\000\040\000v\000\340\000\040\000t\036\321\000i\000\040\001\260\000u\000\040\000m\000\364\000\040\000h\000\354\000n\000h\000\040\000\050\000M\000o\000d\000e\000l\000\040\000C\000o\000n\000v\000e\000r\000s\000i\000o\000n\000\051}{subsection.4.5}% 119
\BOOKMARK [3][]{subsubsection.4.5.5}{\376\377\0004\000.\0005\000.\0005\000\040\000K\000i\036\303\000m\000\040\000t\000r\000a\000\040\000t\001\260\001\241\000n\000g\000\040\001\021\001\260\001\241\000n\000g\000\040\000s\000a\000u\000\040\000c\000h\000u\000y\036\303\000n\000\040\001\021\036\325\000i}{subsection.4.5}% 120
\BOOKMARK [2][]{subsection.4.6}{\376\377\0004\000.\0006\000\040\000H\000i\036\307\000n\000\040\000t\000h\036\361\000c\000\040\000f\000i\000r\000m\000w\000a\000r\000e\000\040\000p\000h\036\247\000n\000\040\000t\000h\000\342\000n\000\040\000r\000o\000b\000o\000t}{section.4}% 121
\BOOKMARK [3][]{subsubsection.4.6.1}{\376\377\0004\000.\0006\000.\0001\000\040\000K\000h\036\337\000i\000\040\000t\036\241\000o\000\040\000p\000h\036\247\000n\000\040\000c\036\351\000n\000g}{subsection.4.6}% 122
\BOOKMARK [3][]{subsubsection.4.6.2}{\376\377\0004\000.\0006\000.\0002\000\040\000B\000L\000E\000\040\000G\000A\000T\000T\000\040\000s\000e\000r\000v\000e\000r}{subsection.4.6}% 123
\BOOKMARK [3][]{subsubsection.4.6.3}{\376\377\0004\000.\0006\000.\0003\000\040\000D\000e\000a\000d\000z\000o\000n\000e\000\040\000v\000\340\000\040\000w\000a\000t\000c\000h\000d\000o\000g}{subsection.4.6}% 124
\BOOKMARK [2][]{subsection.4.7}{\376\377\0004\000.\0007\000\040\000C\036\245\000u\000\040\000h\000\354\000n\000h\000\040\000v\000\340\000\040\000t\000r\000i\036\303\000n\000\040\000k\000h\000a\000i}{section.4}% 125
\BOOKMARK [2][]{subsection.4.8}{\376\377\0004\000.\0008\000\040\000N\000h\036\357\000n\000g\000\040\001\021\000i\036\303\000m\000\040\000h\000i\036\307\000n\000\040\000t\000h\036\361\000c\000\040\000c\036\247\000n\000\040\000l\001\260\000u\000\040\000\375}{section.4}% 126
\BOOKMARK [2][]{subsection.4.9}{\376\377\0004\000.\0009\000\040\000K\036\277\000t\000\040\000l\000u\036\255\000n\000\040\000c\000h\001\260\001\241\000n\000g}{section.4}% 127
\BOOKMARK [1][]{section.5}{\376\377\0005\000\040\000K\036\277\000t\000\040\000q\000u\036\243\000\040\000v\000\340\000\040\000t\000h\036\243\000o\000\040\000l\000u\036\255\000n}{}% 128
\BOOKMARK [2][]{subsection.5.1}{\376\377\0005\000.\0001\000\040\000M\036\345\000c\000\040\000t\000i\000\352\000u\000\040\001\021\000\341\000n\000h\000\040\000g\000i\000\341}{section.5}% 129
\BOOKMARK [2][]{subsection.5.2}{\376\377\0005\000.\0002\000\040\000C\036\245\000u\000\040\000h\000\354\000n\000h\000\040\000v\000\340\000\040\000t\000i\000\352\000u\000\040\000c\000h\000\355\000\040\001\021\000\341\000n\000h\000\040\000g\000i\000\341}{section.5}% 130
\BOOKMARK [2][]{subsection.5.3}{\376\377\0005\000.\0003\000\040\000K\036\277\000t\000\040\000q\000u\036\243\000\040\000h\000i\036\307\000n\000\040\000t\000h\036\361\000c\000\040\000v\000\340\000\040\000a\000r\000t\000i\000f\000a\000c\000t}{section.5}% 131
\BOOKMARK [3][]{subsubsection.5.3.1}{\376\377\0005\000.\0003\000.\0001\000\040\000M\036\351\000c\000\040\001\021\036\331\000\040\000h\000o\000\340\000n\000\040\000t\000h\000\340\000n\000h\000\040\000t\000h\000\340\000n\000h\000\040\000p\000h\036\247\000n}{subsection.5.3}% 132
\BOOKMARK [3][]{subsubsection.5.3.2}{\376\377\0005\000.\0003\000.\0002\000\040\000K\036\277\000t\000\040\000q\000u\036\243\000\040\001\021\000\363\000n\000g\000\040\000g\000\363\000i\000\040\000A\000n\000d\000r\000o\000i\000d}{subsection.5.3}% 133
\BOOKMARK [3][]{subsubsection.5.3.3}{\376\377\0005\000.\0003\000.\0003\000\040\000K\036\277\000t\000\040\000q\000u\036\243\000\040\000a\000r\000t\000i\000f\000a\000c\000t\000\040\000m\000\364\000\040\000h\000\354\000n\000h}{subsection.5.3}% 134
\BOOKMARK [2][]{subsection.5.4}{\376\377\0005\000.\0004\000\040\000K\000i\036\303\000m\000\040\000t\000h\036\355\000\040\000t\036\361\000\040\001\021\036\331\000n\000g\000\040\036\337\000\040\000m\036\351\000c\000\040\000l\000o\000g\000i\000c}{section.5}% 135
\BOOKMARK [3][]{subsubsection.5.4.1}{\376\377\0005\000.\0004\000.\0001\000\040\000\301\000n\000h\000\040\000x\036\241\000\040\001\021\000i\036\301\000u\000\040\000k\000h\000i\036\303\000n}{subsection.5.4}% 136
\BOOKMARK [3][]{subsubsection.5.4.2}{\376\377\0005\000.\0004\000.\0002\000\040\000H\036\255\000u\000\040\000k\000i\036\303\000m\000\040\000t\000\351\000\040\000n\000g\000\343}{subsection.5.4}% 137
\BOOKMARK [2][]{subsection.5.5}{\376\377\0005\000.\0005\000\040\001\020\000\341\000n\000h\000\040\000g\000i\000\341\000\040\000h\036\343\000p\000\040\001\021\036\323\000n\000g\000\040\000t\000\355\000c\000h\000\040\000h\036\343\000p\000\040\000b\036\261\000n\000g\000\040\000k\000i\036\303\000m\000\040\000t\000r\000a\000\040\000t\001\051\000n\000h}{section.5}% 138
\BOOKMARK [3][]{subsubsection.5.5.1}{\376\377\0005\000.\0005\000.\0001\000\040\000N\000h\036\245\000t\000\040\000q\000u\000\341\000n\000\040\000F\000i\000r\000e\000b\000a\000s\000e}{subsection.5.5}% 139
\BOOKMARK [3][]{subsubsection.5.5.2}{\376\377\0005\000.\0005\000.\0002\000\040\000N\000h\036\245\000t\000\040\000q\000u\000\341\000n\000\040\000B\000L\000E}{subsection.5.5}% 140
\BOOKMARK [3][]{subsubsection.5.5.3}{\376\377\0005\000.\0005\000.\0003\000\040\000C\000h\000u\036\327\000i\000\040\000t\000i\000m\000e\000o\000u\000t}{subsection.5.5}% 141
\BOOKMARK [3][]{subsubsection.5.5.4}{\376\377\0005\000.\0005\000.\0004\000\040\000Q\000u\000y\036\301\000n\000\040\000s\036\337\000\040\000h\036\357\000u\000\040\000t\000\340\000i\000\040\000n\000g\000u\000y\000\352\000n}{subsection.5.5}% 142
\BOOKMARK [2][]{subsection.5.6}{\376\377\0005\000.\0006\000\040\000K\036\313\000c\000h\000\040\000b\036\243\000n\000\040\000k\000i\036\303\000m\000\040\000t\000h\036\355\000\040\000c\000h\036\351\000c\000\040\000n\001\003\000n\000g\000\040\001\021\036\247\000u\000\040\000c\000u\036\321\000i}{section.5}% 143
\BOOKMARK [2][]{subsection.5.7}{\376\377\0005\000.\0007\000\040\000T\000h\000i\036\277\000t\000\040\000k\036\277\000\040\000p\000h\000\351\000p\000\040\001\021\000o\000\040\000h\000i\036\307\000u\000\040\000n\001\003\000n\000g}{section.5}% 144
\BOOKMARK [3][]{subsubsection.5.7.1}{\376\377\0005\000.\0007\000.\0001\000\040\001\020\036\331\000\040\000t\000r\036\305\000\040\000p\000i\000p\000e\000l\000i\000n\000e\000\040\000A\000I}{subsection.5.7}% 145
\BOOKMARK [3][]{subsubsection.5.7.2}{\376\377\0005\000.\0007\000.\0002\000\040\001\020\036\331\000\040\000t\000r\036\305\000\040\001\021\000i\036\301\000u\000\040\000k\000h\000i\036\303\000n}{subsection.5.7}% 146
\BOOKMARK [3][]{subsubsection.5.7.3}{\376\377\0005\000.\0007\000.\0003\000\040\000W\000e\000b\000R\000T\000C}{subsection.5.7}% 147
\BOOKMARK [3][]{subsubsection.5.7.4}{\376\377\0005\000.\0007\000.\0004\000\040\001\020\036\331\000\040\000c\000h\000\355\000n\000h\000\040\000x\000\341\000c\000\040\000t\000\351\000\040\000n\000g\000\343}{subsection.5.7}% 148
\BOOKMARK [2][]{subsection.5.8}{\376\377\0005\000.\0008\000\040\000K\036\277\000t\000\040\000q\000u\036\243\000\040\000B\000e\000n\000c\000h\000m\000a\000r\000k\000\040\000M\000\364\000\040\000h\000\354\000n\000h\000\040\000A\000I}{section.5}% 149
\BOOKMARK [3][]{subsubsection.5.8.1}{\376\377\0005\000.\0008\000.\0001\000\040\000B\000e\000n\000c\000h\000m\000a\000r\000k\000\040\001\020\036\331\000\040\000c\000h\000\355\000n\000h\000\040\000x\000\341\000c\000\040\000\050\000A\000c\000c\000u\000r\000a\000c\000y\000\040\000\046\000\040\000M\000e\000t\000r\000i\000c\000s\000\051}{subsection.5.8}% 150
\BOOKMARK [3][]{subsubsection.5.8.2}{\376\377\0005\000.\0008\000.\0002\000\040\000B\000e\000n\000c\000h\000m\000a\000r\000k\000\040\000T\036\321\000c\000\040\001\021\036\331\000\040\000s\000u\000y\000\040\000l\000u\036\255\000n\000\040\000\050\000I\000n\000f\000e\000r\000e\000n\000c\000e\000\040\000S\000p\000e\000e\000d\000\040\000/\000\040\000F\000P\000S\000\051}{subsection.5.8}% 151
\BOOKMARK [2][]{subsection.5.9}{\376\377\0005\000.\0009\000\040\000T\000h\036\243\000o\000\040\000l\000u\036\255\000n\000\040\000k\036\277\000t\000\040\000q\000u\036\243}{section.5}% 152
\BOOKMARK [3][]{subsubsection.5.9.1}{\376\377\0005\000.\0009\000.\0001\000\040\001\020\000i\036\303\000m\000\040\000m\036\241\000n\000h}{subsection.5.9}% 153
\BOOKMARK [3][]{subsubsection.5.9.2}{\376\377\0005\000.\0009\000.\0002\000\040\000H\036\241\000n\000\040\000c\000h\036\277}{subsection.5.9}% 154
\BOOKMARK [3][]{subsubsection.5.9.3}{\376\377\0005\000.\0009\000.\0003\000\040\000M\036\321\000i\000\040\001\021\000e\000\040\000d\036\315\000a\000\040\000t\036\333\000i\000\040\000t\000\355\000n\000h\000\040\000h\036\343\000p\000\040\000l\036\307}{subsection.5.9}% 155
\BOOKMARK [2][]{subsection.5.10}{\376\377\0005\000.\0001\0000\000\040\000M\036\351\000c\000\040\001\021\000\341\000p\000\040\036\351\000n\000g\000\040\000m\036\345\000c\000\040\000t\000i\000\352\000u}{section.5}% 156
\BOOKMARK [2][]{subsection.5.11}{\376\377\0005\000.\0001\0001\000\040\000K\000h\000u\000y\036\277\000n\000\040\000n\000g\000h\036\313\000\040\000t\000r\001\260\036\333\000c\000\040\000n\000g\000h\000i\036\307\000m\000\040\000t\000h\000u\000\040\000v\000\340\000\040\000t\000r\000\354\000n\000h\000\040\000d\000i\036\305\000n}{section.5}% 157
\BOOKMARK [2][]{subsection.5.12}{\376\377\0005\000.\0001\0002\000\040\000K\036\277\000t\000\040\000l\000u\036\255\000n\000\040\000c\000h\001\260\001\241\000n\000g}{section.5}% 158
\BOOKMARK [1][]{section.6}{\376\377\0006\000\040\000K\036\277\000t\000\040\000l\000u\036\255\000n}{}% 159
\BOOKMARK [2][]{subsection.6.1}{\376\377\0006\000.\0001\000\040\000T\036\325\000n\000g\000\040\000k\036\277\000t}{section.6}% 160
\BOOKMARK [2][]{subsection.6.2}{\376\377\0006\000.\0002\000\040\000K\036\277\000t\000\040\000q\000u\036\243\000\040\001\021\036\241\000t\000\040\001\021\001\260\036\343\000c}{section.6}% 161
\BOOKMARK [2][]{subsection.6.3}{\376\377\0006\000.\0003\000\040\000H\036\241\000n\000\040\000c\000h\036\277}{section.6}% 162
\BOOKMARK [2][]{subsection.6.4}{\376\377\0006\000.\0004\000\040\000H\001\260\036\333\000n\000g\000\040\000p\000h\000\341\000t\000\040\000t\000r\000i\036\303\000n}{section.6}% 163
\BOOKMARK [3][]{subsubsection.6.4.1}{\376\377\0006\000.\0004\000.\0001\000\040\001\020\000\341\000n\000h\000\040\000g\000i\000\341\000\040\000A\000I\000\040\000c\000\363\000\040\000t\000h\036\303\000\040\000t\000\341\000i\000\040\000l\036\255\000p}{subsection.6.4}% 164
\BOOKMARK [3][]{subsubsection.6.4.2}{\376\377\0006\000.\0004\000.\0002\000\040\000T\001\003\000n\000g\000\040\001\021\036\331\000\040\000b\036\301\000n\000\040\000t\000h\000e\000o\000\040\000d\000\365\000i\000\040\000v\000\340\000\040\000p\000h\000\341\000t\000\040\000h\000i\036\307\000n}{subsection.6.4}% 165
\BOOKMARK [3][]{subsubsection.6.4.3}{\376\377\0006\000.\0004\000.\0003\000\040\000A\000n\000\040\000t\000o\000\340\000n\000\040\000v\000\340\000\040\001\021\000i\036\301\000u\000\040\000k\000h\000i\036\303\000n\000\040\000r\000o\000b\000o\000t}{subsection.6.4}% 166
\BOOKMARK [3][]{subsubsection.6.4.4}{\376\377\0006\000.\0004\000.\0004\000\040\000B\000a\000c\000k\000e\000n\000d\000\040\000v\000\340\000\040\000b\036\243\000o\000\040\000m\036\255\000t\000\040\000n\000h\000i\036\301\000u\000\040\000n\000g\001\260\036\335\000i\000\040\000d\000\371\000n\000g}{subsection.6.4}% 167
\BOOKMARK [3][]{subsubsection.6.4.5}{\376\377\0006\000.\0004\000.\0005\000\040\000K\000h\036\243\000\040\000n\001\003\000n\000g\000\040\000h\000o\036\241\000t\000\040\001\021\036\331\000n\000g\000\040\000k\000h\000i\000\040\000m\036\245\000t\000\040\000m\036\241\000n\000g}{subsection.6.4}% 168
\BOOKMARK [3][]{subsubsection.6.4.6}{\376\377\0006\000.\0004\000.\0006\000\040\000C\036\243\000i\000\040\000t\000h\000i\036\307\000n\000\040\000t\000r\036\243\000i\000\040\000n\000g\000h\000i\036\307\000m\000\040\000n\000g\001\260\036\335\000i\000\040\000c\000a\000o\000\040\000t\000u\036\325\000i}{subsection.6.4}% 169
\BOOKMARK [3][]{subsubsection.6.4.7}{\376\377\0006\000.\0004\000.\0007\000\040\000T\036\321\000i\000\040\001\260\000u\000\040\000t\000r\000i\036\303\000n\000\040\000k\000h\000a\000i}{subsection.6.4}% 170
\BOOKMARK [2][]{subsection.6.5}{\376\377\0006\000.\0005\000\040\000K\036\277\000t\000\040\000l\000u\036\255\000n\000\040\000c\000u\036\321\000i\000\040\000c\000\371\000n\000g}{section.6}% 171
\BOOKMARK [1][]{section*.41}{\376\377\000T\000\340\000i\000\040\000l\000i\036\307\000u\000\040\000t\000h\000a\000m\000\040\000k\000h\036\243\000o}{}% 172
\BOOKMARK [1][]{section*.42}{\376\377\000P\000h\036\345\000\040\000l\036\345\000c}{}% 173
\BOOKMARK [2][]{section*.43}{\376\377\000P\000h\036\345\000\040\000l\036\345\000c\000\040\000A\000\040\040\023\000\040\001\020\036\267\000c\000\040\000t\036\243\000\040\000u\000s\000e\000\040\000c\000a\000s\000e}{section*.42}% 174
\BOOKMARK [2][]{table.6.10}{\376\377\000P\000h\036\345\000\040\000l\036\345\000c\000\040\000B\000\040\040\023\000\040\000H\036\343\000p\000\040\001\021\036\323\000n\000g\000\040\000d\036\357\000\040\000l\000i\036\307\000u\000\040\000v\000\340\000\040\000g\000i\000a\000o\000\040\000t\000h\036\351\000c}{section*.42}% 175
\BOOKMARK [2][]{table.caption.44}{\376\377\000P\000h\036\345\000\040\000l\036\345\000c\000\040\000C\000\040\040\023\000\040\000D\000a\000n\000h\000\040\000m\036\345\000c\000\040\000m\000o\000d\000u\000l\000e\000\040\000m\000\343\000\040\000n\000g\000u\036\323\000n}{section*.42}% 176
\BOOKMARK [2][]{table.6.13}{\376\377\000P\000h\036\345\000\040\000l\036\345\000c\000\040\000D\000\040\040\023\000\040\000M\000a\000n\000i\000f\000e\000s\000t\000\040\000a\000r\000t\000i\000f\000a\000c\000t\000\040\000A\000I}{section*.42}% 177
\BOOKMARK [2][]{lstnumber.7.21}{\376\377\000P\000h\036\345\000\040\000l\036\345\000c\000\040\000E\000\040\040\023\000\040\000Q\000u\000y\000\040\000t\000r\000\354\000n\000h\000\040\000b\000u\000i\000l\000d\000\040\000v\000\340\000\040\000t\000r\000i\036\303\000n\000\040\000k\000h\000a\000i}{section*.42}% 178
\BOOKMARK [2][]{lstnumber.8.7}{\376\377\000P\000h\036\345\000\040\000l\036\345\000c\000\040\000F\000\040\040\023\000\040\000P\000h\000i\036\277\000u\000\040\000g\000h\000i\000\040\000k\036\277\000t\000\040\000q\000u\036\243\000\040\000k\000i\036\303\000m\000\040\000t\000h\036\355}{section*.42}% 179
\BOOKMARK [2][]{table.caption.47}{\376\377\000P\000h\036\345\000\040\000l\036\345\000c\000\040\000G\000\040\040\023\000\040\000C\000h\000e\000c\000k\000l\000i\000s\000t\000\040\000a\000n\000\040\000t\000o\000\340\000n\000\040\000t\000r\000\354\000n\000h\000\040\000d\000i\036\305\000n}{section*.42}% 180
